{"logTime": "0726/122237", "correlationVector":"GPSikNiTRKOQPv4SOIugsP.1","action":"SyncServerConnectionManagerRequest", "result":"SYNC_SERVER_OK", "context":{"environment":"Prod_southeastasia_prod-s01-064-apac-southeastasia", "migrationStage":"NotStarted", "server":"akswtt00200000n"}}
{"logTime": "0726/122237", "correlationVector":"GPSikNiTRKOQPv4SOIugsP.2","action":"ProcessGetUpdates", "result":"Done", "context":{"dataType":"Encryption Keys", "deleted":"0", "process_failed_to_decrypt":"0", "process_pending_decryption":"0", "process_success":"1", "total":"1"}}
{"logTime": "0726/122238", "correlationVector":"cVwLfbt0pYmkLCKqfNhZro","action":"SyncServerConnectionManagerRequest", "result":"SYNC_SERVER_OK", "context":{"environment":"", "migrationStage":"", "server":""}}
{"logTime": "0726/122238", "correlationVector":"cVwLfbt0pYmkLCKqfNhZro.0","action":"EncryptionKeysFetcher.DownloadKeys:", "result":"Success", "context":Key count: 10, Last key timestamp: 2026-03-20T14:59:20Z}
{"logTime": "0726/122238", "correlationVector":"cVwLfbt0pYmkLCKqfNhZro.1","action":"EncryptionKeysManager::SetEncryptionKeys:", "result":"Success", "context":Key names[10]:[nxOCzlOsGo37fiFtfkap8pct6rSr7MnCl4cujFhZTpc5h2BjFJiPBNpeUidCTkd18V+J3h/L0GtBFZ5sWHX/cA==][0HPL9m8/OEWN8Xn0rScu2GMRI5qXYSVMMMRwUnxehxNDAzAXak+YPOWQj+7KDSlPe1K9X+F6jItf/QGTnCUxQA==][70COrZoXApjWoDSySbBSfkMtF26Rsi09pJC7gj7FR8wcXlLMyToKd7tJEb4A2tJeozR2AeGx4OK1QTpq7ZdgvQ==][T5aSXd4auVF3WFVSmDKtKfQ0cLdsCg7ADyA6wL3hzu1iHFYiUc76smi/4+ri7xpf5z/Lsli9q254z8o7SYk+gg==][aZPb7KjpvOACkBi7UR+/wN/NZYiS3z7DwPHko308VV4q28+SYHjMIEzkGisANfkrS8hB7xlQK8fRHYwaIBEAgQ==][nbQrMS2sW3DHqrBl7WAG/AtBBSTrhYNikrDmamOiCZ4nlZrTyIJIuKh/q2x4de4TfASNzqblvGs1Iw2zX9baEw==][/SsBDJvuOPiky88UykZHytBWUv0A5J88ucUyxQZktA3RUPkoGXf2zgXulaNXvH1EpBXFFCTDdJk7TyxM4B+lJg==][VOXZfQGOpQihYwFAEa8537bhdtpK9ebQy8yFtpWXR2LNCeleSiH4Wf9XVXmx7ujZQlVJOzwH+w8B439c8JhwvQ==][OQuVPaGIm2vJvChgoO3DDtlWVqyZJlpEXMw9uy9QtzgXQnft1zki6G6HylIVh5LzRtjnpWGcvjBjw8BuABCMRw==][j5RrNxvqSQeQ1xe7H60E/7uM7sJn2WgJL73rXsdUGErrzpMMgVLDWbC3VTSafz+4yhdALNelR0UYS25FGpcArw==]}
{"logTime": "0726/122238", "correlationVector":"cVwLfbt0pYmkLCKqfNhZro.2","action":"EncryptionKeysManager::SetEncryptionKeysWithTimestamps:", "result":"Success", "context":Key timestamps[10]:[2021-07-29T03:05:33Z][2021-11-26T19:47:17Z][2022-06-02T14:54:07Z][2022-12-08T20:16:46Z][2023-08-12T03:05:06Z][2024-02-12T07:38:22Z][2024-09-11T11:31:41Z][2025-03-12T10:37:45Z][2025-09-16T15:58:04Z][2026-03-20T14:59:20Z]}
{"logTime": "0726/122238", "correlationVector":"GPSikNiTRKOQPv4SOIugsP","action":"Initial GetUpdates", "result":"", "context":Reason: NEW_CLIENT. cV=GPSikNiTRKOQPv4SOIugsP}
{"logTime": "0726/122238", "correlationVector":"GPSikNiTRKOQPv4SOIugsP.3","action":"GetUpdates Response", "result":"Success", "context":Received 1 update(s). cV=GPSikNiTRKOQPv4SOIugsP.0;server=akswtt00200000n;cloudType=Consumer;environment=Prod_southeastasia_prod-s01-064-apac-southeastasia;migrationStage=NotStarted}
{"logTime": "0726/122238", "correlationVector":"icBKpPJS4414bDCp0RbmFf","action":"Initial GetUpdates", "result":"", "context":Reason: NEWLY_SUPPORTED_DATATYPE. cV=icBKpPJS4414bDCp0RbmFf}
{"logTime": "0726/122238", "correlationVector":"icBKpPJS4414bDCp0RbmFf.1","action":"SyncServerConnectionManagerRequest", "result":"SYNC_SERVER_OK", "context":{"environment":"Prod_southeastasia_prod-s01-064-apac-southeastasia", "migrationStage":"NotStarted", "server":"akswtt002000017"}}
{"logTime": "0726/122238", "correlationVector":"icBKpPJS4414bDCp0RbmFf.2","action":"ProcessGetUpdates", "result":"Done", "context":{"dataType":"Device Info", "deleted":"0", "process_failed_to_decrypt":"0", "process_pending_decryption":"0", "process_success":"5", "total":"5"}}
{"logTime": "0726/122238", "correlationVector":"icBKpPJS4414bDCp0RbmFf.3","action":"GetUpdates Response", "result":"Success", "context":Received 5 update(s). cV=icBKpPJS4414bDCp0RbmFf.0;server=akswtt002000017;cloudType=Consumer;environment=Prod_southeastasia_prod-s01-064-apac-southeastasia;migrationStage=NotStarted}
{"logTime": "0726/122238", "correlationVector":"RwFfMT0DziU2LNn2lM9aqF","action":"Initial GetUpdates", "result":"", "context":Reason: NEWLY_SUPPORTED_DATATYPE. cV=RwFfMT0DziU2LNn2lM9aqF}
{"logTime": "0726/122239", "correlationVector":"RwFfMT0DziU2LNn2lM9aqF.1","action":"SyncServerConnectionManagerRequest", "result":"SYNC_SERVER_OK", "context":{"environment":"Prod_southeastasia_prod-s01-064-apac-southeastasia", "migrationStage":"NotStarted", "server":"akswtt002000014"}}
{"logTime": "0726/122239", "correlationVector":"RwFfMT0DziU2LNn2lM9aqF.2","action":"ProcessGetUpdates", "result":"Done", "context":{"dataType":"Extensions", "deleted":"0", "process_failed_to_decrypt":"0", "process_pending_decryption":"0", "process_success":"1", "total":"1"}}
{"logTime": "0726/122239", "correlationVector":"RwFfMT0DziU2LNn2lM9aqF.3","action":"ProcessGetUpdates", "result":"Done", "context":{"dataType":"Extension settings", "deleted":"0", "process_failed_to_decrypt":"0", "process_pending_decryption":"0", "process_success":"4", "total":"4"}}
{"logTime": "0726/122239", "correlationVector":"RwFfMT0DziU2LNn2lM9aqF.4","action":"GetUpdates Response", "result":"Success", "context":Received 5 update(s). cV=RwFfMT0DziU2LNn2lM9aqF.0;server=akswtt002000014;cloudType=Consumer;environment=Prod_southeastasia_prod-s01-064-apac-southeastasia;migrationStage=NotStarted}
{"logTime": "0726/122239", "correlationVector":"IRn6cjPlnb3E2Koh7ae809","action":"Normal GetUpdate request", "result":"", "context":cV=IRn6cjPlnb3E2Koh7ae809
Nudged types: Device Info
Refresh requested types: Extensions, Extension settings, Device Info, User Consents, Send Tab To Self, Web Apps, Encryption Keys}
{"logTime": "0726/122239", "correlationVector":"IRn6cjPlnb3E2Koh7ae809.1","action":"SyncServerConnectionManagerRequest", "result":"SYNC_SERVER_OK", "context":{"environment":"Prod_southeastasia_prod-s01-064-apac-southeastasia", "migrationStage":"NotStarted", "server":"akswtt00200001e"}}
{"logTime": "0726/122239", "correlationVector":"IRn6cjPlnb3E2Koh7ae809.2","action":"GetUpdates Response", "result":"Success", "context":Received 0 update(s). cV=IRn6cjPlnb3E2Koh7ae809.0;server=akswtt00200001e;cloudType=Consumer;environment=Prod_southeastasia_prod-s01-064-apac-southeastasia;migrationStage=NotStarted}
{"logTime": "0726/122239", "correlationVector":"+M1oN/lL9VEt2OOY13OMED","action":"DoCompareDataConsistency requsted types: ", "result":"Extensions, Extension settings, Send Tab To Self, Web Apps, Encryption Keys"}
{"logTime": "0726/122239", "correlationVector":"+M1oN/lL9VEt2OOY13OMED.0","action":"CompareDataConsistency result: ", "result":"Compare result: Encryption Keys is consistent. local entities count is: 1 local entities hash is: niyxo2YOZIMIWc+zr9MF4xbOJuw="}
{"logTime": "0726/122239", "correlationVector":"+M1oN/lL9VEt2OOY13OMED.1","action":"CompareDataConsistency result: ", "result":"Compare result: Extensions is consistent. local entities count is: 1 local entities hash is: KeTQlcszvhSHsgDawok+6od+GMQ="}
{"logTime": "0726/122239", "correlationVector":"+M1oN/lL9VEt2OOY13OMED.2","action":"CompareDataConsistency result: ", "result":"Compare result: Extension settings is consistent. local entities count is: 4 local entities hash is: r1WqVOJxNUfeire6NwMJDDjepxo="}
{"logTime": "0726/122239", "correlationVector":"+M1oN/lL9VEt2OOY13OMED.3","action":"CompareDataConsistency result: ", "result":"Server did not send this Send Tab To Self local entities count is: 0 local entities hash is: "}
{"logTime": "0726/122239", "correlationVector":"+M1oN/lL9VEt2OOY13OMED.4","action":"CompareDataConsistency result: ", "result":"Compare result: Web Apps is consistent. local entities count is: 0 local entities hash is: "}
{"logTime": "0726/122239", "correlationVector":"b44cEb+tG94NkJhCN7Fpdv","action":"Commit Request", "result":"", "context":Item count: 1
Contributing types: Device Info}
{"logTime": "0726/122239", "correlationVector":"b44cEb+tG94NkJhCN7Fpdv.1","action":"SyncServerConnectionManagerRequest", "result":"SYNC_SERVER_OK", "context":{"environment":"Prod_southeastasia_prod-s01-064-apac-southeastasia", "migrationStage":"NotStarted", "server":"akswtt00200001i"}}
{"logTime": "0726/122239", "correlationVector":"b44cEb+tG94NkJhCN7Fpdv.2","action":"Commit Response", "result":"Success", "context":Result: Success. cV=b44cEb+tG94NkJhCN7Fpdv.0;server=akswtt00200001i;cloudType=Consumer;environment=Prod_southeastasia_prod-s01-064-apac-southeastasia;migrationStage=NotStarted}
{"logTime": "0726/122239", "correlationVector":"","action":"DIAGNOSTIC_REQUEST|v1/diagnosticData/Diagnostic.SendCheckResult()|SUCCESS", "result":""}
{"logTime": "0726/122304", "correlationVector":"","action":"Microsoft.Sync.State.UserActionableError.30Sec", "result":"Error:7"}
{"logTime": "0726/122304", "correlationVector":"","action":"Microsoft.Sync.State.Sign.In.UserActionableError.30Sec", "result":"Error:7"}
{"logTime": "0726/122334", "correlationVector":"","action":"Microsoft.Sync.State.UserActionableError.1Min", "result":"Error:7"}
{"logTime": "0726/122334", "correlationVector":"","action":"Microsoft.Sync.State.Sign.In.UserActionableError.1Min", "result":"Error:7"}
{"logTime": "0726/122434", "correlationVector":"","action":"Microsoft.Sync.State.UserActionableError.2Min", "result":"Error:7"}
{"logTime": "0726/122434", "correlationVector":"","action":"Microsoft.Sync.State.Sign.In.UserActionableError.2Min", "result":"Error:7"}
