2026-07-26 12:22:26.030: [INFO][Sync] Reset engine, reason: 8
2026-07-26 12:22:26.030: [INFO][Sync] Stopped: Bookmarks
2026-07-26 12:22:26.030: [INFO][Sync] Stopped: Preferences
2026-07-26 12:22:26.030: [INFO][Sync] Stopped: Passwords
2026-07-26 12:22:26.030: [INFO][Sync] Stopped: Autofill Profiles
2026-07-26 12:22:26.030: [INFO][Sync] Stopped: Autofill
2026-07-26 12:22:26.030: [INFO][Sync] Stopped: Extensions
2026-07-26 12:22:26.030: [INFO][Sync] Stopped: Sessions
2026-07-26 12:22:26.030: [INFO][Sync] Stopped: Extension settings
2026-07-26 12:22:26.030: [INFO][Sync] Stopped: History Delete Directives
2026-07-26 12:22:26.030: [INFO][Sync] Stopped: Device Info
2026-07-26 12:22:26.030: [INFO][Sync] Stopped: User Consents
2026-07-26 12:22:26.031: [INFO][Sync] Stopped: Send Tab To Self
2026-07-26 12:22:26.031: [INFO][Sync] Stopped: Web Apps
2026-07-26 12:22:26.031: [INFO][Sync] Stopped: History
2026-07-26 12:22:26.031: [INFO][Sync] Stopped: Saved Tab Group
2026-07-26 12:22:26.031: [INFO][Sync] Stopped: WebAuthn Credentials
2026-07-26 12:22:26.031: [INFO][Sync] Stopped: Edge E Drop
2026-07-26 12:22:26.031: [INFO][Sync] Stopped: Edge Hub App Usage
2026-07-26 12:22:26.031: [INFO][Sync] Stopped: Edge Journey
2026-07-26 12:22:26.031: [INFO][Sync] Stopped: Edge Workspace
2026-07-26 12:22:26.031: [INFO][Sync] SyncState after authenticated was: NotSignedIn
2026-07-26 12:22:26.709: [INFO][Sync] Reset engine, reason: 8
2026-07-26 12:22:26.709: [INFO][Sync] Stopped: Bookmarks
2026-07-26 12:22:26.709: [INFO][Sync] Stopped: Preferences
2026-07-26 12:22:26.709: [INFO][Sync] Stopped: Passwords
2026-07-26 12:22:26.709: [INFO][Sync] Stopped: Autofill Profiles
2026-07-26 12:22:26.709: [INFO][Sync] Stopped: Autofill
2026-07-26 12:22:26.709: [INFO][Sync] Stopped: Extensions
2026-07-26 12:22:26.709: [INFO][Sync] Stopped: Sessions
2026-07-26 12:22:26.709: [INFO][Sync] Stopped: Extension settings
2026-07-26 12:22:26.709: [INFO][Sync] Stopped: History Delete Directives
2026-07-26 12:22:26.709: [INFO][Sync] Stopped: Device Info
2026-07-26 12:22:26.709: [INFO][Sync] Stopped: User Consents
2026-07-26 12:22:26.709: [INFO][Sync] Stopped: Send Tab To Self
2026-07-26 12:22:26.709: [INFO][Sync] Stopped: Web Apps
2026-07-26 12:22:26.709: [INFO][Sync] Stopped: History
2026-07-26 12:22:26.709: [INFO][Sync] Stopped: Saved Tab Group
2026-07-26 12:22:26.709: [INFO][Sync] Stopped: WebAuthn Credentials
2026-07-26 12:22:26.709: [INFO][Sync] Stopped: Edge E Drop
2026-07-26 12:22:26.709: [INFO][Sync] Stopped: Edge Hub App Usage
2026-07-26 12:22:26.709: [INFO][Sync] Stopped: Edge Journey
2026-07-26 12:22:26.709: [INFO][Sync] Stopped: Edge Workspace
2026-07-26 12:22:34.516: [INFO][Sync] Try to start sync engine
2026-07-26 12:22:34.530: [INFO][SyncManagerImpl::NudgeForInitialDownload] Initial download nudge for Encryption Keys
2026-07-26 12:22:34.530: [INFO][SyncEngineBackend::LoadAndConnectNigoriController] Load and connect Nigori controller
2026-07-26 12:22:34.530: [INFO][SyncEngineBackend::DoInitialize] Control Types added: Encryption Keys
2026-07-26 12:22:34.530: [INFO][SyncManagerImpl::ConfigureSyncer] Types to download: Encryption Keys with reason: 3
2026-07-26 12:22:34.531: [INFO][SyncSchedulerImpl::DoConfigurationSyncCycleJob] Configure job was blocked
2026-07-26 12:22:36.847: [INFO][SyncAuthManager::SetLastAuthError] Current auth error: None
2026-07-26 12:22:36.847: [INFO][SyncAuthManager::EdgeLogTokenErrorState] Token error with: None for account type: MSA
2026-07-26 12:22:36.847: [INFO][Sync] Credentials changed for: EdgeSyncScopeNew
2026-07-26 12:22:36.943: [INFO][SyncAuthManager::SetLastAuthError] Current auth error: None
2026-07-26 12:22:36.943: [INFO][SyncAuthManager::EdgeLogTokenErrorState] Token error with: None for account type: MSA
2026-07-26 12:22:36.943: [INFO][Sync] Credentials changed for: EdgeSyncKeyDataScope
2026-07-26 12:22:36.944: [INFO][SyncEngineBackend::DoUpdateKeyDataCredentials] Update key data credentials
2026-07-26 12:22:36.944: [INFO][SyncEngineBackend::DoUpdateCredentials] Update credentials
2026-07-26 12:22:36.944: [INFO][SyncSchedulerImpl::DoConfigurationSyncCycleJob] Blocked types:  and types to download: Encryption Keys
2026-07-26 12:22:37.845: [INFO][Sync] Started DataTypeManager configuration, reason: 4
2026-07-26 12:22:37.848: [INFO][Sync] Configuring for: Extensions, Extension settings, Device Info, User Consents, Send Tab To Self, Web Apps, Encryption Keys, reason: 3, current state: 0
2026-07-26 12:22:37.848: [WARN][Sync] Crypto error data types: 
2026-07-26 12:22:37.849: [INFO][Sync] Configure, desired: Extensions, Extension settings, Device Info, User Consents, Send Tab To Self, Web Apps, Encryption Keys; Allow fail: 
2026-07-26 12:22:37.849: [INFO][Sync] Loading: Extensions
2026-07-26 12:22:37.849: [INFO][Sync] Loading: Extension settings
2026-07-26 12:22:37.850: [INFO][Sync] Loading: Device Info
2026-07-26 12:22:37.850: [INFO][Sync] Loading: User Consents
2026-07-26 12:22:37.850: [INFO][Sync] Loading: Send Tab To Self
2026-07-26 12:22:37.850: [INFO][Sync] Loading: Web Apps
2026-07-26 12:22:37.893: [INFO][Sync] All data types are ready for configure.
2026-07-26 12:22:38.561: [INFO][Sync] Started DataTypeManager configuration, reason: 5
2026-07-26 12:22:38.561: [INFO][Sync] Configuring for: Extensions, Extension settings, Device Info, User Consents, Send Tab To Self, Web Apps, Encryption Keys, reason: 5, current state: 1
2026-07-26 12:22:38.577: [INFO][SyncEngineBackend::DoStartConfiguration] Start configuration
2026-07-26 12:22:38.577: [INFO][SyncManagerImpl::NudgeForInitialDownload] Initial download nudge for Extensions
2026-07-26 12:22:38.577: [INFO][SyncManagerImpl::NudgeForInitialDownload] Initial download nudge for Extension settings
2026-07-26 12:22:38.577: [INFO][SyncManagerImpl::NudgeForInitialDownload] Initial download nudge for Device Info
2026-07-26 12:22:38.578: [INFO][SyncManagerImpl::NudgeForInitialDownload] Initial download nudge for Send Tab To Self
2026-07-26 12:22:38.578: [INFO][SyncManagerImpl::NudgeForInitialDownload] Initial download nudge for Web Apps
2026-07-26 12:22:38.578: [INFO][SyncManagerImpl::ConfigureSyncer] Types to download:  with reason: 3
2026-07-26 12:22:38.578: [INFO][SyncEngineBackend::DoFinishConfigureDataTypes] Failed to download types:  and succeeded types: 
2026-07-26 12:22:38.578: [INFO][Sync] ConfigurationDone, failed: , succeeded: , remaining count: 2
2026-07-26 12:22:38.578: [WARN][Sync]     Reconfigure requested while configuration ongoing.
2026-07-26 12:22:38.578: [INFO][Sync] Configuring for: Extensions, Extension settings, Device Info, User Consents, Send Tab To Self, Web Apps, Encryption Keys, reason: 5, current state: 2
2026-07-26 12:22:38.578: [INFO][Sync] Configure, desired: Extensions, Extension settings, Device Info, User Consents, Send Tab To Self, Web Apps, Encryption Keys; Allow fail: 
2026-07-26 12:22:38.578: [INFO][Sync] All data types are ready for configure.
2026-07-26 12:22:38.578: [INFO][SyncManagerImpl::ConfigureSyncer] Types to download:  with reason: 5
2026-07-26 12:22:38.578: [INFO][SyncEngineBackend::DoFinishConfigureDataTypes] Failed to download types:  and succeeded types: 
2026-07-26 12:22:38.578: [INFO][Sync] ConfigurationDone, failed: , succeeded: , remaining count: 2
2026-07-26 12:22:38.578: [INFO][Sync] Prepare to configure types: Device Info, Encryption Keys
2026-07-26 12:22:38.578: [INFO][SyncManagerImpl::ConfigureSyncer] Types to download: Device Info, Encryption Keys with reason: 5
2026-07-26 12:22:38.578: [INFO][SyncSchedulerImpl::DoConfigurationSyncCycleJob] Blocked types:  and types to download: Device Info, Encryption Keys
2026-07-26 12:22:38.810: [INFO][SyncEngineBackend::DoFinishConfigureDataTypes] Failed to download types:  and succeeded types: Device Info, Encryption Keys
2026-07-26 12:22:38.812: [INFO][Sync] ConfigurationDone, failed: , succeeded: Device Info, Encryption Keys, remaining count: 1
2026-07-26 12:22:38.812: [INFO][Sync] Prepare to configure types: Extensions, Extension settings, Send Tab To Self, Web Apps, Encryption Keys
2026-07-26 12:22:38.812: [INFO][SyncManagerImpl::ConfigureSyncer] Types to download: Extensions, Extension settings, Send Tab To Self, Web Apps, Encryption Keys with reason: 5
2026-07-26 12:22:38.813: [INFO][SyncSchedulerImpl::DoConfigurationSyncCycleJob] Blocked types:  and types to download: Extensions, Extension settings, Send Tab To Self, Web Apps, Encryption Keys
2026-07-26 12:22:39.046: [INFO][SyncEngineBackend::DoFinishConfigureDataTypes] Failed to download types:  and succeeded types: Extensions, Extension settings, Send Tab To Self, Web Apps, Encryption Keys
2026-07-26 12:22:39.048: [INFO][Sync] ConfigurationDone, failed: , succeeded: Extensions, Extension settings, Send Tab To Self, Web Apps, Encryption Keys, remaining count: 0
2026-07-26 12:22:39.048: [INFO][Sync]     Configuration completed, state: 7
2026-07-26 12:22:39.048: [INFO][Sync] Configured DataTypeManager: Ok
2026-07-26 12:22:39.051: [INFO][SyncEngineBackend::DoStartSyncing] Start syncing
2026-07-26 12:24:40.057: [INFO][Sync] Reset engine, reason: 0
2026-07-26 12:24:40.057: [INFO][Sync] Reset engine with reason: 0
