2026-07-26 12:22:26.585: [INFO] OnDoneLoading sync enabled: 0
2026-07-26 12:22:26.710: [INFO] RecordSyncInitDuration has_sync_been_enabled: 0 state: 0
2026-07-26 12:22:34.498: [INFO] RecordSyncInitDuration has_sync_been_enabled: 0 state: 0
2026-07-26 12:22:34.523: [INFO] RecordSyncInitDuration has_sync_been_enabled: 0 state: 3
2026-07-26 12:22:34.530: [INFO] Primary account changed.
2026-07-26 12:22:34.530: [INFO] OnPrimaryAccountChanged PrimaryAccountChangeEvent::Type::kSet
2026-07-26 12:22:36.848: [INFO] RecordSyncInitDuration has_sync_been_enabled: 0 state: 3
2026-07-26 12:22:37.807: [INFO] RecordSyncInitDuration has_sync_been_enabled: 0 state: 3
2026-07-26 12:22:37.811: [INFO] RecordSyncInitDuration has_sync_been_enabled: 0 state: 3
2026-07-26 12:22:37.813: [INFO] RecordSyncInitDuration has_sync_been_enabled: 0 state: 3
2026-07-26 12:22:37.843: [INFO] RecordSyncInitDuration has_sync_been_enabled: 0 state: 3
2026-07-26 12:22:37.844: [INFO] RecordSyncInitDuration has_sync_been_enabled: 0 state: 3
2026-07-26 12:22:37.844: [INFO] RecordSyncInitDuration has_sync_been_enabled: 0 state: 3
2026-07-26 12:22:37.849: [INFO] RecordSyncInitDuration has_sync_been_enabled: 0 state: 5
2026-07-26 12:22:37.851: [INFO] RecordSyncInitDuration has_sync_been_enabled: 0 state: 5
2026-07-26 12:22:38.546: [INFO] RecordSyncInitDuration has_sync_been_enabled: 0 state: 5
2026-07-26 12:22:38.562: [INFO] RecordSyncInitDuration has_sync_been_enabled: 0 state: 5
2026-07-26 12:22:38.812: [INFO] RecordSyncInitDuration has_sync_been_enabled: 0 state: 5
2026-07-26 12:22:39.048: [INFO] RecordSyncInitDuration has_sync_been_enabled: 0 state: 5
2026-07-26 12:22:39.050: [INFO] RecordSyncInitDuration has_sync_been_enabled: 0 state: 6
2026-07-26 12:22:39.053: [INFO] RecordSyncInitDuration has_sync_been_enabled: 0 state: 6
2026-07-26 12:22:39.881: [INFO] RecordSyncInitDuration has_sync_been_enabled: 0 state: 6
2026-07-26 12:22:39.883: [INFO] RecordSyncInitDuration has_sync_been_enabled: 0 state: 6
2026-07-26 12:22:40.087: [INFO] RecordSyncInitDuration has_sync_been_enabled: 0 state: 6
2026-07-26 12:22:41.528: [INFO] VisibilityChanged: 0
